Direct use of automatic function calling (AFC) in Models.generate_content is not recommended. Instead, we recommend to use AFC in Chat.send_message. Similarly, direct use of AFC in Models.generate_content_stream is not recommended. Instead, we recommend to use AFC in Chat.send_message_stream.

===== Post 1/1 =====
[Review Strategy] Alternating to other product: พร้อมส่งในไทย Marukyu​ Koyamaen​ ผงมัทฉะ​ มารุคิวของแท้จากญี
Product: พร้อมส่งในไทย Marukyu​ Koyamaen​ ผงมัทฉะ​ มารุคิวของแท้จากญี...
[System Log] Converted Product JSON:
{
  "ประเภท": "ผงมัทฉะ",
  "จุดเด่น": "มารุคิวแท้จากญี่ปุ่น เมืองอูจิ",
  "ราคา": 790,
  "ชื่อสินค้า": "พร้อมส่งในไทย Marukyu​ Koyamaen​ ผงมัทฉะ​"
}
[System Log] Caption approved on attempt 1!
[System Log] Chosen Role: แม่บ้านเข้าครัว (R5)
[System Log] Chosen Persona: คนแนะนำของให้ครอบครัว (H)
[System Log] Chosen Hook: เห็นคนพูดถึงเยอะเลยลอง
[System Log] Chosen Style: คำถาม
Traceback (most recent call last):
  File "/home/runner/work/somtam-facebook-page/somtam-facebook-page/review.py", line 1255, in <module>
    review_img = render_review_card(product_photos, line1_clean, line2_clean,
                 ^^^^^^^^^^^^^^^^^^^^^^^^^^^^^^^^^^^^^^^^^^^^^^^^^^^^^^^^^^^^
  File "/home/runner/work/somtam-facebook-page/somtam-facebook-page/card/render_card.py", line 91, in render_review_card
    return render_sales_card(photo_path, line1, line2, out_path, theme=THEME,
           ^^^^^^^^^^^^^^^^^^^^^^^^^^^^^^^^^^^^^^^^^^^^^^^^^^^^^^^^^^^^^^^^^^
  File "/home/runner/work/somtam-facebook-page/somtam-facebook-page/card/sales_card.py", line 98, in render_sales_card
    raise ValueError('Sales card render rejected: '+str(error))
ValueError: Sales card render rejected: ข้อความยาวเกินไป กรุณาย่อหัวเรื่องหรือคำอธิบาย
